  Ôû▓ Next.js 14.2.33
  - Environments: .env.local, .env.production, .env

node.exe : 
En línea: 1 Carácter: 1
+ & "C:\Program 
Files\nodejs/node.exe" 
"C:\Program Files\nodejs/node_mo 
...
+ ~~~~~~~~~~~~~~~~~~~~~~~~~~~~~~~
~~~~~~~~~~~~~~~~~~~~~~~~~~~~~~~~~
~~~~~
    + CategoryInfo          : No 
   tSpecified: (:String) [], Re  
  moteException
    + FullyQualifiedErrorId : Na 
   tiveCommandError
 
> Build error occurred
Error: You cannot use different 
slug names for the same dynamic 
path ('id' !== 'slug').
    at handleSlug (C:\Users\ASUS\
Desktop\creatiendas\creatiendasgi
t\node_modules\next\dist\shared\l
ib\router\utils\sorted-routes.js:
94:31)
    at UrlNode._insert (C:\Users\
ASUS\Desktop\creatiendas\creatien
dasgit\node_modules\next\dist\sha
red\lib\router\utils\sorted-route
s.js:131:17)
    at UrlNode._insert (C:\Users\
ASUS\Desktop\creatiendas\creatien
dasgit\node_modules\next\dist\sha
red\lib\router\utils\sorted-route
s.js:142:40)
    at UrlNode._insert (C:\Users\
ASUS\Desktop\creatiendas\creatien
dasgit\node_modules\next\dist\sha
red\lib\router\utils\sorted-route
s.js:142:40)
    at UrlNode.insert (C:\Users\A
SUS\Desktop\creatiendas\creatiend
asgit\node_modules\next\dist\shar
ed\lib\router\utils\sorted-routes
.js:13:14)
    at C:\Users\ASUS\Desktop\crea
tiendas\creatiendasgit\node_modul
es\next\dist\shared\lib\router\ut
ils\sorted-routes.js:165:46
    at Array.forEach 
(<anonymous>)
    at getSortedRoutes (C:\Users\
ASUS\Desktop\creatiendas\creatien
dasgit\node_modules\next\dist\sha
red\lib\router\utils\sorted-route
s.js:165:21)
    at C:\Users\ASUS\Desktop\crea
tiendas\creatiendasgit\node_modul
es\next\dist\build\index.js:625:6
5
    at Span.traceFn (C:\Users\ASU
S\Desktop\creatiendas\creatiendas
git\node_modules\next\dist\trace\
trace.js:147:20)
